exports[`Components list > should allow filtering by category #0`] =
{
  "search": "?NAME=source&CATEGORY=DemoFeatures&CATEGORY=ServerRestApi"
};

exports[`Components list > should allow filtering by group #0`] =
{
  "search": "?GROUP=base&GROUP=types"
};

exports[`Components list > should allow filtering by name #0`] =
{
  "search": "?NAME=response-dummy"
};

exports[`Components list > should allow filtering by usage #0`] =
{
  "search": "?USED_ONLY=true"
};

exports[`Components list > should allow filtering by usage #1`] =
{
  "search": "?UNUSED_ONLY=true"
};

exports[`Components list > should apply filters from query #0`] =
{
  "search": "?NAME=filter&GROUP=base&CATEGORY=Default&CATEGORY=DemoFeatures&UNUSED_ONLY=true"
};

exports[`Components list > should apply category filters by cell click #0`] =
{
  "search": "?CATEGORY=Default&CATEGORY=Category1"
};

exports[`Components list > should apply category filters by cell click #1`] =
{
  "search": "?CATEGORY=Category1"
};

exports[`Components list > should apply group filter by cell click #0`] =
{
  "search": "?GROUP=base"
};

exports[`Components list > should apply group filter by cell click #1`] =
{
  "search": "?CATEGORY=Default&CATEGORY=Category1"
};
