// Jest Snapshot v1, https://goo.gl/fbAQLP

exports[`GraphUtils prepareNewNodesWithLayout should update union output expression parameter with an updated node name when new unique node ids created 1`] = `
{
  "idMapping": {
    "union": "1960a6d0-ee25-4c38-a81b-3720738dfccf",
    "variable 1": "e7a058ef-126b-4959-ae1f-d1bfd91a6529",
    "variable 2": "a493b327-b57f-4ef6-bd61-eb008b83d241",
  },
  "layout": [
    {
      "id": "e7a058ef-126b-4959-ae1f-d1bfd91a6529",
      "position": {
        "x": 350,
        "y": 859,
      },
    },
    {
      "id": "a493b327-b57f-4ef6-bd61-eb008b83d241",
      "position": {
        "x": 710,
        "y": 859,
      },
    },
    {
      "id": "1960a6d0-ee25-4c38-a81b-3720738dfccf",
      "position": {
        "x": 530,
        "y": 1039,
      },
    },
  ],
  "nodes": [
    {
      "additionalFields": {
        "description": null,
        "layoutData": {
          "x": 350,
          "y": 859,
        },
      },
      "id": "e7a058ef-126b-4959-ae1f-d1bfd91a6529",
      "label": "variable",
      "name": "variable 1 (copy 1)",
      "type": "Variable",
      "value": {
        "expression": "'value'",
        "language": "spel",
      },
      "varName": "varName1",
    },
    {
      "additionalFields": {
        "description": null,
        "layoutData": {
          "x": 710,
          "y": 859,
        },
      },
      "id": "a493b327-b57f-4ef6-bd61-eb008b83d241",
      "label": "variable",
      "name": "variable 2 (copy 1)",
      "type": "Variable",
      "value": {
        "expression": "'value'",
        "language": "spel",
      },
      "varName": "varName2",
    },
    {
      "additionalFields": {
        "description": null,
        "layoutData": {
          "x": 530,
          "y": 1039,
        },
      },
      "branchParameters": [
        {
          "branchId": "e7a058ef-126b-4959-ae1f-d1bfd91a6529",
          "parameters": [
            {
              "expression": {
                "expression": "1",
                "language": "spel",
              },
              "name": "Output expression",
            },
          ],
        },
        {
          "branchId": "a493b327-b57f-4ef6-bd61-eb008b83d241",
          "parameters": [
            {
              "expression": {
                "expression": "2",
                "language": "spel",
              },
              "name": "Output expression",
            },
          ],
        },
      ],
      "id": "1960a6d0-ee25-4c38-a81b-3720738dfccf",
      "label": "union",
      "name": "union (copy 1)",
      "nodeType": "union",
      "outputVar": "outputVar",
      "parameters": [],
      "type": "Join",
    },
  ],
}
`;
