// Jest Snapshot v1, https://goo.gl/fbAQLP

exports[`GraphUtils prepareNewNodesWithLayout should update union output expression parameter with an updated node name when new unique node ids created 1`] = `
{
  "idMapping": {
    "union": "union (copy 1)",
    "variable 1": "variable 1 (copy 1)",
    "variable 2": "variable 2 (copy 1)",
  },
  "layout": [
    {
      "id": "variable 1 (copy 1)",
      "position": {
        "x": 350,
        "y": 859,
      },
    },
    {
      "id": "variable 2 (copy 1)",
      "position": {
        "x": 710,
        "y": 859,
      },
    },
    {
      "id": "union (copy 1)",
      "position": {
        "x": 530,
        "y": 1039,
      },
    },
  ],
  "nodes": [
    {
      "additionalFields": {
        "description": null,
        "layoutData": {
          "x": 0,
          "y": 720,
        },
      },
      "branchParameters": undefined,
      "id": "variable 1 (copy 1)",
      "label": "variable",
      "type": "Variable",
      "value": {
        "expression": "'value'",
        "language": "spel",
      },
      "varName": "varName1",
    },
    {
      "additionalFields": {
        "description": null,
        "layoutData": {
          "x": 360,
          "y": 720,
        },
      },
      "branchParameters": undefined,
      "id": "variable 2 (copy 1)",
      "label": "variable",
      "type": "Variable",
      "value": {
        "expression": "'value'",
        "language": "spel",
      },
      "varName": "varName2",
    },
    {
      "additionalFields": {
        "description": null,
        "layoutData": {
          "x": 180,
          "y": 900,
        },
      },
      "branchParameters": [
        {
          "branchId": "variable 1 (copy 1)",
          "parameters": [
            {
              "expression": {
                "expression": "1",
                "language": "spel",
              },
              "name": "Output expression",
            },
          ],
        },
        {
          "branchId": "variable 2 (copy 1)",
          "parameters": [
            {
              "expression": {
                "expression": "2",
                "language": "spel",
              },
              "name": "Output expression",
            },
          ],
        },
      ],
      "id": "union (copy 1)",
      "label": "union",
      "nodeType": "union",
      "outputVar": "outputVar",
      "parameters": [],
      "type": "Join",
    },
  ],
}
`;
