// Jest Snapshot v1, https://goo.gl/fbAQLP

exports[`CountsRangesButtons tests should render buttons 1`] = `
.emotion-0:focus,
.emotion-0:active:focus {
  outline: none;
  border-color: #1A1A1A;
  box-shadow: 0 0 0 1px #1A1A1A;
}

.emotion-1 {
  border: 1px solid #666666;
  border-radius: 0;
  background-color: #4D4D4D;
  color: #CCCCCC;
  -webkit-transition: #4D4D4D 0.2s;
  transition: #4D4D4D 0.2s;
  -webkit-user-select: none;
  -moz-user-select: none;
  -ms-user-select: none;
  user-select: none;
  min-width: 80px;
  font-size: 12px;
  padding: 5px;
  font-weight: 400;
  margin: 10px;
}

.emotion-1:disabled,
.emotion-1.disabled {
  opacity: 0.3;
  cursor: not-allowed!important;
}

.emotion-1:not(:disabled):hover,
.emotion-1:not(.disabled):hover {
  background-color: #666666;
}

.emotion-5 {
  border: 1px solid #666666;
  border-radius: 0;
  background-color: #4D4D4D;
  color: #CCCCCC;
  -webkit-transition: #4D4D4D 0.2s;
  transition: #4D4D4D 0.2s;
  -webkit-user-select: none;
  -moz-user-select: none;
  -ms-user-select: none;
  user-select: none;
  width: 100%;
  font-size: 12px;
  padding: 5px;
  font-weight: 400;
  margin: 10px;
}

.emotion-5:disabled,
.emotion-5.disabled {
  opacity: 0.3;
  cursor: not-allowed!important;
}

.emotion-5:not(:disabled):hover,
.emotion-5:not(.disabled):hover {
  background-color: #666666;
}

<div>
  <button
    class="emotion-0 emotion-1"
    style="flex: 1;"
    title="range1"
    type="button"
  >
    range1
  </button>
  <button
    class="emotion-0 emotion-1"
    style="flex: 1;"
    title="range2"
    type="button"
  >
    range2
  </button>
  <span
    style="display: flex; flex: 2; position: relative;"
  >
    <span
      style="position: relative; width: 100%; height: 100%; display: flex;"
    >
      <button
        class="emotion-0 emotion-5"
        style="flex: 1;"
        type="button"
      >
        calculateCounts.more
      </button>
    </span>
  </span>
</div>
`;
