// Jest Snapshot v1, https://goo.gl/fbAQLP

exports[`CountsRangesButtons tests should render buttons 1`] = `
.emotion-0 {
  font-family: Inter,-apple-system,BlinkMacSystemFont,"Segoe UI","Helvetica Neue",Arial,sans-serif,"Apple Color Emoji","Segoe UI Emoji","Segoe UI Symbol";
  font-weight: 400;
  font-size: 12px;
  line-height: 1.75;
  text-transform: capitalize;
  border-radius: 0;
  background-color: #242F3E;
  -webkit-transition: #242F3E 0.2s;
  transition: #242F3E 0.2s;
  -webkit-user-select: none;
  -moz-user-select: none;
  -ms-user-select: none;
  user-select: none;
  min-width: 80px;
  padding: 5px;
  margin: 10px;
}

.emotion-0:disabled,
.emotion-0.disabled {
  opacity: 0.3;
  cursor: not-allowed!important;
}

.emotion-2 {
  font-family: Inter,-apple-system,BlinkMacSystemFont,"Segoe UI","Helvetica Neue",Arial,sans-serif,"Apple Color Emoji","Segoe UI Emoji","Segoe UI Symbol";
  font-weight: 400;
  font-size: 12px;
  line-height: 1.75;
  text-transform: capitalize;
  border-radius: 0;
  background-color: #242F3E;
  -webkit-transition: #242F3E 0.2s;
  transition: #242F3E 0.2s;
  -webkit-user-select: none;
  -moz-user-select: none;
  -ms-user-select: none;
  user-select: none;
  width: 100%;
  padding: 5px;
  margin: 10px;
}

.emotion-2:disabled,
.emotion-2.disabled {
  opacity: 0.3;
  cursor: not-allowed!important;
}

<div>
  <button
    class="emotion-0"
    style="flex: 1;"
    title="range1"
    type="button"
  >
    range1
  </button>
  <button
    class="emotion-0"
    style="flex: 1;"
    title="range2"
    type="button"
  >
    range2
  </button>
  <span
    style="display: flex; flex: 2; position: relative;"
  >
    <span
      style="position: relative; width: 100%; height: 100%; display: flex;"
    >
      <button
        class="emotion-2"
        style="flex: 1;"
        type="button"
      >
        calculateCounts.more
      </button>
    </span>
  </span>
</div>
`;
